// Jest Snapshot v1, https://goo.gl/fbAQLP

exports[`<Tile> should render Tile 1`] = `ShallowWrapper {}`;
