// Jest Snapshot v1, https://goo.gl/fbAQLP

exports[`<Dashboard> should render Dashboard 1`] = `ShallowWrapper {}`;
